Enter two positive integers: 
4
6
GCD of 4 and 6 is 2

