Enter two positive integers: 
4
6
Prime numbers between 4 and 6 are
5

