
Enter the whole side of cube 
5
Volume of the cube 125
