Enter number of rows of pyramide 
5

1
12
123
1234
12345
