
Enter the whole side of square 
5
5
Area of the square 25

